{
  "data": {
    "task": null
  },
  "errors": [
    {
      "message": "Does not exist any task with the given \"non-exist-task-id\" id",
      "locations": [
        {
          "line": 2,
          "column": 3
        }
      ]
    }
  ]
}
