{
  "data": {
    "tasks": {
      "totalCount": 2,
      "edges": [
        {
          "node": {
            "id": "42ec0308-1225-11e7-93ae-92361f002671",
            "title": "Task 130",
            "description": "The description of the task 130",
            "numeric_id": 5,
            "priority": "MEDIUM",
            "progress": "DOING",
            "assignee": {
              "id": "6704c278-e106-449f-a73d-2508e96f6177"
            },
            "reporter": {
              "id": "6704c278-e106-449f-a73d-2508e96f6177"
            },
            "project": {
              "id": "0dadb844-1220-11e7-93ae-92361f002671",
              "name": "Project 10",
              "slug": "project-10"
            }
          },
          "cursor": "YXJyYXljb25uZWN0aW9uOjA="
        },
        {
          "node": {
            "id": "42ed05c8-1225-11e7-93ae-92361f002671",
            "title": "Task 340",
            "description": "The description of the task 340",
            "numeric_id": 12,
            "priority": "MEDIUM",
            "progress": "DOING",
            "assignee": {
              "id": "6704c278-e106-449f-a73d-2508e96f6177"
            },
            "reporter": {
              "id": "6704c278-e106-449f-a73d-2508e96f6177"
            },
            "project": {
              "id": "0dadb844-1220-11e7-93ae-92361f002671",
              "name": "Project 10",
              "slug": "project-10"
            }
          },
          "cursor": "YXJyYXljb25uZWN0aW9uOjE="
        }
      ],
      "pageInfo": {
        "endCursor": "YXJyYXljb25uZWN0aW9uOjE=",
        "hasNextPage": false
      }
    }
  }
}
