{
  "data": {
    "tasks": {
      "totalCount": 17,
      "edges": [
        {
          "node": {
            "id": "42eb534a-1225-11e7-93ae-92361f002671",
            "title": "Task 10",
            "description": "The description of the task 10",
            "numeric_id": 1,
            "priority": "MEDIUM",
            "progress": "TODO",
            "assignee": {
              "id": "6704c278-e106-449f-a73d-2508e96f6177"
            },
            "reporter": {
              "id": "6704c278-e106-449f-a73d-2508e96f6177"
            },
            "project": {
              "id": "0dadb844-1220-11e7-93ae-92361f002671",
              "name": "Project 10",
              "slug": "project-10"
            }
          },
          "cursor": "YXJyYXljb25uZWN0aW9uOjA="
        },
        {
          "node": {
            "id": "42eb8374-1225-11e7-93ae-92361f002671",
            "title": "Task 40",
            "description": "The description of the task 40",
            "numeric_id": 2,
            "priority": "MEDIUM",
            "progress": "TODO",
            "assignee": {
              "id": "6704c278-e106-449f-a73d-2508e96f6177"
            },
            "reporter": {
              "id": "6704c278-e106-449f-a73d-2508e96f6177"
            },
            "project": {
              "id": "0dadb844-1220-11e7-93ae-92361f002671",
              "name": "Project 10",
              "slug": "project-10"
            }
          },
          "cursor": "YXJyYXljb25uZWN0aW9uOjE="
        },
        {
          "node": {
            "id": "42ebab7e-1225-11e7-93ae-92361f002671",
            "title": "Task 70",
            "description": "The description of the task 70",
            "numeric_id": 3,
            "priority": "MEDIUM",
            "progress": "TODO",
            "assignee": {
              "id": "6704c278-e106-449f-a73d-2508e96f6177"
            },
            "reporter": {
              "id": "6704c278-e106-449f-a73d-2508e96f6177"
            },
            "project": {
              "id": "0dadb844-1220-11e7-93ae-92361f002671",
              "name": "Project 10",
              "slug": "project-10"
            }
          },
          "cursor": "YXJyYXljb25uZWN0aW9uOjI="
        },
        {
          "node": {
            "id": "42ebd478-1225-11e7-93ae-92361f002671",
            "title": "Task 100",
            "description": "The description of the task 100",
            "numeric_id": 4,
            "priority": "MEDIUM",
            "progress": "TODO",
            "assignee": {
              "id": "6704c278-e106-449f-a73d-2508e96f6177"
            },
            "reporter": {
              "id": "6704c278-e106-449f-a73d-2508e96f6177"
            },
            "project": {
              "id": "0dadb844-1220-11e7-93ae-92361f002671",
              "name": "Project 10",
              "slug": "project-10"
            }
          },
          "cursor": "YXJyYXljb25uZWN0aW9uOjM="
        },
        {
          "node": {
            "id": "42ec0308-1225-11e7-93ae-92361f002671",
            "title": "Task 130",
            "description": "The description of the task 130",
            "numeric_id": 5,
            "priority": "MEDIUM",
            "progress": "DOING",
            "assignee": {
              "id": "6704c278-e106-449f-a73d-2508e96f6177"
            },
            "reporter": {
              "id": "6704c278-e106-449f-a73d-2508e96f6177"
            },
            "project": {
              "id": "0dadb844-1220-11e7-93ae-92361f002671",
              "name": "Project 10",
              "slug": "project-10"
            }
          },
          "cursor": "YXJyYXljb25uZWN0aW9uOjQ="
        },
        {
          "node": {
            "id": "42ec25c2-1225-11e7-93ae-92361f002671",
            "title": "Task 160",
            "description": "The description of the task 160",
            "numeric_id": 6,
            "priority": "MEDIUM",
            "progress": "TODO",
            "assignee": {
              "id": "6704c278-e106-449f-a73d-2508e96f6177"
            },
            "reporter": {
              "id": "6704c278-e106-449f-a73d-2508e96f6177"
            },
            "project": {
              "id": "0dadb844-1220-11e7-93ae-92361f002671",
              "name": "Project 10",
              "slug": "project-10"
            }
          },
          "cursor": "YXJyYXljb25uZWN0aW9uOjU="
        },
        {
          "node": {
            "id": "42ec49b2-1225-11e7-93ae-92361f002671",
            "title": "Task 190",
            "description": "The description of the task 190",
            "numeric_id": 7,
            "priority": "MEDIUM",
            "progress": "TODO",
            "assignee": {
              "id": "6704c278-e106-449f-a73d-2508e96f6177"
            },
            "reporter": {
              "id": "6704c278-e106-449f-a73d-2508e96f6177"
            },
            "project": {
              "id": "0dadb844-1220-11e7-93ae-92361f002671",
              "name": "Project 10",
              "slug": "project-10"
            }
          },
          "cursor": "YXJyYXljb25uZWN0aW9uOjY="
        },
        {
          "node": {
            "id": "42ec72c0-1225-11e7-93ae-92361f002671",
            "title": "Task 220",
            "description": "The description of the task 220",
            "numeric_id": 8,
            "priority": "MEDIUM",
            "progress": "TODO",
            "assignee": {
              "id": "6704c278-e106-449f-a73d-2508e96f6177"
            },
            "reporter": {
              "id": "6704c278-e106-449f-a73d-2508e96f6177"
            },
            "project": {
              "id": "0dadb844-1220-11e7-93ae-92361f002671",
              "name": "Project 10",
              "slug": "project-10"
            }
          },
          "cursor": "YXJyYXljb25uZWN0aW9uOjc="
        },
        {
          "node": {
            "id": "42ec985e-1225-11e7-93ae-92361f002671",
            "title": "Task 250",
            "description": "The description of the task 250",
            "numeric_id": 9,
            "priority": "MEDIUM",
            "progress": "TODO",
            "assignee": {
              "id": "6704c278-e106-449f-a73d-2508e96f6177"
            },
            "reporter": {
              "id": "6704c278-e106-449f-a73d-2508e96f6177"
            },
            "project": {
              "id": "0dadb844-1220-11e7-93ae-92361f002671",
              "name": "Project 10",
              "slug": "project-10"
            }
          },
          "cursor": "YXJyYXljb25uZWN0aW9uOjg="
        },
        {
          "node": {
            "id": "42ecb960-1225-11e7-93ae-92361f002671",
            "title": "Task 280",
            "description": "The description of the task 280",
            "numeric_id": 10,
            "priority": "MEDIUM",
            "progress": "TODO",
            "assignee": {
              "id": "6704c278-e106-449f-a73d-2508e96f6177"
            },
            "reporter": {
              "id": "6704c278-e106-449f-a73d-2508e96f6177"
            },
            "project": {
              "id": "0dadb844-1220-11e7-93ae-92361f002671",
              "name": "Project 10",
              "slug": "project-10"
            }
          },
          "cursor": "YXJyYXljb25uZWN0aW9uOjk="
        },
        {
          "node": {
            "id": "42ece49e-1225-11e7-93ae-92361f002671",
            "title": "Task 310",
            "description": "The description of the task 310",
            "numeric_id": 11,
            "priority": "MEDIUM",
            "progress": "TODO",
            "assignee": {
              "id": "6704c278-e106-449f-a73d-2508e96f6177"
            },
            "reporter": {
              "id": "6704c278-e106-449f-a73d-2508e96f6177"
            },
            "project": {
              "id": "0dadb844-1220-11e7-93ae-92361f002671",
              "name": "Project 10",
              "slug": "project-10"
            }
          },
          "cursor": "YXJyYXljb25uZWN0aW9uOjEw"
        },
        {
          "node": {
            "id": "42ed05c8-1225-11e7-93ae-92361f002671",
            "title": "Task 340",
            "description": "The description of the task 340",
            "numeric_id": 12,
            "priority": "MEDIUM",
            "progress": "DOING",
            "assignee": {
              "id": "6704c278-e106-449f-a73d-2508e96f6177"
            },
            "reporter": {
              "id": "6704c278-e106-449f-a73d-2508e96f6177"
            },
            "project": {
              "id": "0dadb844-1220-11e7-93ae-92361f002671",
              "name": "Project 10",
              "slug": "project-10"
            }
          },
          "cursor": "YXJyYXljb25uZWN0aW9uOjEx"
        },
        {
          "node": {
            "id": "42ed26d4-1225-11e7-93ae-92361f002671",
            "title": "Task 370",
            "description": "The description of the task 370",
            "numeric_id": 13,
            "priority": "MEDIUM",
            "progress": "TODO",
            "assignee": {
              "id": "6704c278-e106-449f-a73d-2508e96f6177"
            },
            "reporter": {
              "id": "6704c278-e106-449f-a73d-2508e96f6177"
            },
            "project": {
              "id": "0dadb844-1220-11e7-93ae-92361f002671",
              "name": "Project 10",
              "slug": "project-10"
            }
          },
          "cursor": "YXJyYXljb25uZWN0aW9uOjEy"
        },
        {
          "node": {
            "id": "42ed4ac4-1225-11e7-93ae-92361f002671",
            "title": "Task 400",
            "description": "The description of the task 400",
            "numeric_id": 14,
            "priority": "MEDIUM",
            "progress": "TODO",
            "assignee": {
              "id": "6704c278-e106-449f-a73d-2508e96f6177"
            },
            "reporter": {
              "id": "6704c278-e106-449f-a73d-2508e96f6177"
            },
            "project": {
              "id": "0dadb844-1220-11e7-93ae-92361f002671",
              "name": "Project 10",
              "slug": "project-10"
            }
          },
          "cursor": "YXJyYXljb25uZWN0aW9uOjEz"
        },
        {
          "node": {
            "id": "42ed6cca-1225-11e7-93ae-92361f002671",
            "title": "Task 430",
            "description": "The description of the task 430",
            "numeric_id": 15,
            "priority": "MEDIUM",
            "progress": "TODO",
            "assignee": {
              "id": "6704c278-e106-449f-a73d-2508e96f6177"
            },
            "reporter": {
              "id": "6704c278-e106-449f-a73d-2508e96f6177"
            },
            "project": {
              "id": "0dadb844-1220-11e7-93ae-92361f002671",
              "name": "Project 10",
              "slug": "project-10"
            }
          },
          "cursor": "YXJyYXljb25uZWN0aW9uOjE0"
        },
        {
          "node": {
            "id": "42ed9c90-1225-11e7-93ae-92361f002671",
            "title": "Task 460",
            "description": "The description of the task 460",
            "numeric_id": 16,
            "priority": "MEDIUM",
            "progress": "TODO",
            "assignee": {
              "id": "6704c278-e106-449f-a73d-2508e96f6177"
            },
            "reporter": {
              "id": "6704c278-e106-449f-a73d-2508e96f6177"
            },
            "project": {
              "id": "0dadb844-1220-11e7-93ae-92361f002671",
              "name": "Project 10",
              "slug": "project-10"
            }
          },
          "cursor": "YXJyYXljb25uZWN0aW9uOjE1"
        },
        {
          "node": {
            "id": "42edc1f2-1225-11e7-93ae-92361f002671",
            "title": "Task 490",
            "description": "The description of the task 490",
            "numeric_id": 17,
            "priority": "MEDIUM",
            "progress": "TODO",
            "assignee": {
              "id": "6704c278-e106-449f-a73d-2508e96f6177"
            },
            "reporter": {
              "id": "6704c278-e106-449f-a73d-2508e96f6177"
            },
            "project": {
              "id": "0dadb844-1220-11e7-93ae-92361f002671",
              "name": "Project 10",
              "slug": "project-10"
            }
          },
          "cursor": "YXJyYXljb25uZWN0aW9uOjE2"
        }
      ],
      "pageInfo": {
        "endCursor": "YXJyYXljb25uZWN0aW9uOjE2",
        "hasNextPage": false
      }
    }
  }
}
