{
  "data": {
    "owner": null
  },
  "errors": [
    {
      "message": "Does not exist any organization with the given \"non-exist-organization-id\" id",
      "locations": [
        {
          "line": 2,
          "column": 3
        }
      ]
    }
  ]
}
