{
  "data": {
    "owner": null
  },
  "errors": [
    {
      "message": "Does not exist any owner with the given \"non-exist-owner-id\" id",
      "locations": [
        {
          "line": 2,
          "column": 3
        }
      ]
    }
  ]
}
