{
  "data": {
    "organizationMember": {
      "id": "a38f8ef4-400b-4229-a5ff-712ff5f72b27",
      "organization": {
        "id": "71298d2c-0ff4-11e7-93ae-92361f002671",
        "name": "Organization 0"
      }
    }
  }
}
