{
  "data": {
    "organizations": {
      "totalCount": 20,
      "edges": [
        {
          "node": {
            "id": "71298d2c-0ff4-11e7-93ae-92361f002671",
            "name": "Organization 0",
            "slug": "organization-0",
            "owners": [
              {
                "id": "a38f8ef4-400b-4229-a5ff-712ff5f72b27"
              }
            ],
            "projects": {
              "totalCount": 20,
              "pageInfo": {
                "hasNextPage": true
              },
              "edges": [
                {
                  "node": {
                    "id": "0dad9cba-1220-11e7-93ae-92361f002671",
                    "name": "Project 0",
                    "slug": "project-0",
                    "organization": {
                      "slug": "organization-0"
                    }
                  }
                },
                {
                  "node": {
                    "id": "0dada084-1220-11e7-93ae-92361f002671",
                    "name": "Project 1",
                    "slug": "project-1",
                    "organization": {
                      "slug": "organization-0"
                    }
                  }
                },
                {
                  "node": {
                    "id": "0dada3b8-1220-11e7-93ae-92361f002671",
                    "name": "Project 2",
                    "slug": "project-2",
                    "organization": {
                      "slug": "organization-0"
                    }
                  }
                },
                {
                  "node": {
                    "id": "0dada5ca-1220-11e7-93ae-92361f002671",
                    "name": "Project 3",
                    "slug": "project-3",
                    "organization": {
                      "slug": "organization-0"
                    }
                  }
                },
                {
                  "node": {
                    "id": "0dada908-1220-11e7-93ae-92361f002671",
                    "name": "Project 4",
                    "slug": "project-4",
                    "organization": {
                      "slug": "organization-0"
                    }
                  }
                },
                {
                  "node": {
                    "id": "0dadedfa-1220-11e7-93ae-92361f002671",
                    "name": "Project 30",
                    "slug": "project-30",
                    "organization": {
                      "slug": "organization-0"
                    }
                  }
                },
                {
                  "node": {
                    "id": "0dadf020-1220-11e7-93ae-92361f002671",
                    "name": "Project 31",
                    "slug": "project-31",
                    "organization": {
                      "slug": "organization-0"
                    }
                  }
                },
                {
                  "node": {
                    "id": "0dadf322-1220-11e7-93ae-92361f002671",
                    "name": "Project 32",
                    "slug": "project-32",
                    "organization": {
                      "slug": "organization-0"
                    }
                  }
                },
                {
                  "node": {
                    "id": "0dadf48a-1220-11e7-93ae-92361f002671",
                    "name": "Project 33",
                    "slug": "project-33",
                    "organization": {
                      "slug": "organization-0"
                    }
                  }
                },
                {
                  "node": {
                    "id": "0dadf764-1220-11e7-93ae-92361f002671",
                    "name": "Project 34",
                    "slug": "project-34",
                    "organization": {
                      "slug": "organization-0"
                    }
                  }
                },
                {
                  "node": {
                    "id": "0dae33c8-1220-11e7-93ae-92361f002671",
                    "name": "Project 60",
                    "slug": "project-60",
                    "organization": {
                      "slug": "organization-0"
                    }
                  }
                },
                {
                  "node": {
                    "id": "0dae3738-1220-11e7-93ae-92361f002671",
                    "name": "Project 61",
                    "slug": "project-61",
                    "organization": {
                      "slug": "organization-0"
                    }
                  }
                },
                {
                  "node": {
                    "id": "0dae38f0-1220-11e7-93ae-92361f002671",
                    "name": "Project 62",
                    "slug": "project-62",
                    "organization": {
                      "slug": "organization-0"
                    }
                  }
                },
                {
                  "node": {
                    "id": "0dae3bf2-1220-11e7-93ae-92361f002671",
                    "name": "Project 63",
                    "slug": "project-63",
                    "organization": {
                      "slug": "organization-0"
                    }
                  }
                },
                {
                  "node": {
                    "id": "0dae3ec2-1220-11e7-93ae-92361f002671",
                    "name": "Project 64",
                    "slug": "project-64",
                    "organization": {
                      "slug": "organization-0"
                    }
                  }
                },
                {
                  "node": {
                    "id": "0dae8c2e-1220-11e7-93ae-92361f002671",
                    "name": "Project 90",
                    "slug": "project-90",
                    "organization": {
                      "slug": "organization-0"
                    }
                  }
                },
                {
                  "node": {
                    "id": "0dae8efe-1220-11e7-93ae-92361f002671",
                    "name": "Project 91",
                    "slug": "project-91",
                    "organization": {
                      "slug": "organization-0"
                    }
                  }
                },
                {
                  "node": {
                    "id": "0dae91ba-1220-11e7-93ae-92361f002671",
                    "name": "Project 92",
                    "slug": "project-92",
                    "organization": {
                      "slug": "organization-0"
                    }
                  }
                },
                {
                  "node": {
                    "id": "0dae94f8-1220-11e7-93ae-92361f002671",
                    "name": "Project 93",
                    "slug": "project-93",
                    "organization": {
                      "slug": "organization-0"
                    }
                  }
                }
              ]
            }
          }
        },
        {
          "node": {
            "id": "71299128-0ff4-11e7-93ae-92361f002671",
            "name": "Organization 1",
            "slug": "organization-1",
            "owners": [
              {
                "id": "da49c01f-2e99-45ee-9557-eb3eb57b06c5"
              }
            ],
            "projects": {
              "totalCount": 0,
              "pageInfo": {
                "hasNextPage": true
              },
              "edges": []
            }
          }
        },
        {
          "node": {
            "id": "71299254-0ff4-11e7-93ae-92361f002671",
            "name": "Organization 2",
            "slug": "organization-2",
            "owners": [
              {
                "id": "3bf979cb-7f82-4de5-9b81-5a9a868505ce"
              }
            ],
            "projects": {
              "totalCount": 0,
              "pageInfo": {
                "hasNextPage": true
              },
              "edges": []
            }
          }
        },
        {
          "node": {
            "id": "712994d4-0ff4-11e7-93ae-92361f002671",
            "name": "Organization 3",
            "slug": "organization-3",
            "owners": [
              {
                "id": "0659f3d0-4883-4bb5-a8dd-d8215c9dc369"
              }
            ],
            "projects": {
              "totalCount": 0,
              "pageInfo": {
                "hasNextPage": true
              },
              "edges": []
            }
          }
        },
        {
          "node": {
            "id": "71299a6a-0ff4-11e7-93ae-92361f002671",
            "name": "Organization 6",
            "slug": "organization-6",
            "owners": [
              {
                "id": "1106e034-d6b8-46c0-a393-9f0fd92d18a1"
              }
            ],
            "projects": {
              "totalCount": 4,
              "pageInfo": {
                "hasNextPage": true
              },
              "edges": [
                {
                  "node": {
                    "id": "0dadad5e-1220-11e7-93ae-92361f002671",
                    "name": "Project 6",
                    "slug": "project-6",
                    "organization": {
                      "slug": "organization-6"
                    }
                  }
                },
                {
                  "node": {
                    "id": "0dadfb74-1220-11e7-93ae-92361f002671",
                    "name": "Project 36",
                    "slug": "project-36",
                    "organization": {
                      "slug": "organization-6"
                    }
                  }
                },
                {
                  "node": {
                    "id": "0dae439a-1220-11e7-93ae-92361f002671",
                    "name": "Project 66",
                    "slug": "project-66",
                    "organization": {
                      "slug": "organization-6"
                    }
                  }
                }
              ]
            }
          }
        },
        {
          "node": {
            "id": "71299c68-0ff4-11e7-93ae-92361f002671",
            "name": "Organization 7",
            "slug": "organization-7",
            "owners": [
              {
                "id": "88e2e331-6937-4d00-a8f4-9d05ffe09d36"
              }
            ],
            "projects": {
              "totalCount": 4,
              "pageInfo": {
                "hasNextPage": true
              },
              "edges": [
                {
                  "node": {
                    "id": "0dadafb6-1220-11e7-93ae-92361f002671",
                    "name": "Project 7",
                    "slug": "project-7",
                    "organization": {
                      "slug": "organization-7"
                    }
                  }
                },
                {
                  "node": {
                    "id": "0dadfcdc-1220-11e7-93ae-92361f002671",
                    "name": "Project 37",
                    "slug": "project-37",
                    "organization": {
                      "slug": "organization-7"
                    }
                  }
                },
                {
                  "node": {
                    "id": "0dae470a-1220-11e7-93ae-92361f002671",
                    "name": "Project 67",
                    "slug": "project-67",
                    "organization": {
                      "slug": "organization-7"
                    }
                  }
                }
              ]
            }
          }
        },
        {
          "node": {
            "id": "71299d3a-0ff4-11e7-93ae-92361f002671",
            "name": "Organization 8",
            "slug": "organization-8",
            "owners": [
              {
                "id": "05ee2f71-b1b4-4d1d-8e76-116090ee97f2"
              }
            ],
            "projects": {
              "totalCount": 4,
              "pageInfo": {
                "hasNextPage": true
              },
              "edges": [
                {
                  "node": {
                    "id": "0dadb2ae-1220-11e7-93ae-92361f002671",
                    "name": "Project 8",
                    "slug": "project-8",
                    "organization": {
                      "slug": "organization-8"
                    }
                  }
                },
                {
                  "node": {
                    "id": "0dadff52-1220-11e7-93ae-92361f002671",
                    "name": "Project 38",
                    "slug": "project-38",
                    "organization": {
                      "slug": "organization-8"
                    }
                  }
                },
                {
                  "node": {
                    "id": "0dae4930-1220-11e7-93ae-92361f002671",
                    "name": "Project 68",
                    "slug": "project-68",
                    "organization": {
                      "slug": "organization-8"
                    }
                  }
                }
              ]
            }
          }
        },
        {
          "node": {
            "id": "71299ed4-0ff4-11e7-93ae-92361f002671",
            "name": "Organization 9",
            "slug": "organization-9",
            "owners": [
              {
                "id": "cab06bb8-a124-4e70-9d4a-a1a4d15b62fb"
              }
            ],
            "projects": {
              "totalCount": 4,
              "pageInfo": {
                "hasNextPage": true
              },
              "edges": [
                {
                  "node": {
                    "id": "0dadb4a2-1220-11e7-93ae-92361f002671",
                    "name": "Project 9",
                    "slug": "project-9",
                    "organization": {
                      "slug": "organization-9"
                    }
                  }
                },
                {
                  "node": {
                    "id": "0dae0236-1220-11e7-93ae-92361f002671",
                    "name": "Project 39",
                    "slug": "project-39",
                    "organization": {
                      "slug": "organization-9"
                    }
                  }
                },
                {
                  "node": {
                    "id": "0dae4cbe-1220-11e7-93ae-92361f002671",
                    "name": "Project 69",
                    "slug": "project-69",
                    "organization": {
                      "slug": "organization-9"
                    }
                  }
                }
              ]
            }
          }
        },
        {
          "node": {
            "id": "7129a352-0ff4-11e7-93ae-92361f002671",
            "name": "Organization 12",
            "slug": "organization-12",
            "owners": [
              {
                "id": "441d0c07-b951-41e2-9d4d-ce2273fdfdf1"
              }
            ],
            "projects": {
              "totalCount": 3,
              "pageInfo": {
                "hasNextPage": true
              },
              "edges": [
                {
                  "node": {
                    "id": "0dadbe2a-1220-11e7-93ae-92361f002671",
                    "name": "Project 12",
                    "slug": "project-12",
                    "organization": {
                      "slug": "organization-12"
                    }
                  }
                },
                {
                  "node": {
                    "id": "0dae0844-1220-11e7-93ae-92361f002671",
                    "name": "Project 42",
                    "slug": "project-42",
                    "organization": {
                      "slug": "organization-12"
                    }
                  }
                }
              ]
            }
          }
        },
        {
          "node": {
            "id": "7129a4d8-0ff4-11e7-93ae-92361f002671",
            "name": "Organization 13",
            "slug": "organization-13",
            "owners": [
              {
                "id": "5dd6aaed-fa13-4ea8-b8a5-ab2a1c49339c"
              }
            ],
            "projects": {
              "totalCount": 3,
              "pageInfo": {
                "hasNextPage": true
              },
              "edges": [
                {
                  "node": {
                    "id": "0dadc078-1220-11e7-93ae-92361f002671",
                    "name": "Project 13",
                    "slug": "project-13",
                    "organization": {
                      "slug": "organization-13"
                    }
                  }
                },
                {
                  "node": {
                    "id": "0dae0ad8-1220-11e7-93ae-92361f002671",
                    "name": "Project 43",
                    "slug": "project-43",
                    "organization": {
                      "slug": "organization-13"
                    }
                  }
                }
              ]
            }
          }
        },
        {
          "node": {
            "id": "712af310-0ff4-11e7-93ae-92361f002671",
            "name": "Organization 14",
            "slug": "organization-14",
            "owners": [
              {
                "id": "e0b2e06a-54bd-4c2b-923c-5e3077e6c8d8"
              }
            ],
            "projects": {
              "totalCount": 3,
              "pageInfo": {
                "hasNextPage": true
              },
              "edges": [
                {
                  "node": {
                    "id": "0dadc3fc-1220-11e7-93ae-92361f002671",
                    "name": "Project 14",
                    "slug": "project-14",
                    "organization": {
                      "slug": "organization-14"
                    }
                  }
                },
                {
                  "node": {
                    "id": "0dae0e0c-1220-11e7-93ae-92361f002671",
                    "name": "Project 44",
                    "slug": "project-44",
                    "organization": {
                      "slug": "organization-14"
                    }
                  }
                }
              ]
            }
          }
        },
        {
          "node": {
            "id": "712af7e8-0ff4-11e7-93ae-92361f002671",
            "name": "Organization 15",
            "slug": "organization-15",
            "owners": [
              {
                "id": "5e5a8003-a0f0-4e7a-9d87-20f1f548a4b0"
              }
            ],
            "projects": {
              "totalCount": 3,
              "pageInfo": {
                "hasNextPage": true
              },
              "edges": [
                {
                  "node": {
                    "id": "0dadc5f0-1220-11e7-93ae-92361f002671",
                    "name": "Project 15",
                    "slug": "project-15",
                    "organization": {
                      "slug": "organization-15"
                    }
                  }
                },
                {
                  "node": {
                    "id": "0dae0fd8-1220-11e7-93ae-92361f002671",
                    "name": "Project 45",
                    "slug": "project-45",
                    "organization": {
                      "slug": "organization-15"
                    }
                  }
                }
              ]
            }
          }
        },
        {
          "node": {
            "id": "712b0724-0ff4-11e7-93ae-92361f002671",
            "name": "Organization 18",
            "slug": "organization-18",
            "owners": [
              {
                "id": "61c0d185-fc68-46f2-9c5f-783dc6096029"
              }
            ],
            "projects": {
              "totalCount": 3,
              "pageInfo": {
                "hasNextPage": true
              },
              "edges": [
                {
                  "node": {
                    "id": "0dadcf8c-1220-11e7-93ae-92361f002671",
                    "name": "Project 18",
                    "slug": "project-18",
                    "organization": {
                      "slug": "organization-18"
                    }
                  }
                },
                {
                  "node": {
                    "id": "0dae16f4-1220-11e7-93ae-92361f002671",
                    "name": "Project 48",
                    "slug": "project-48",
                    "organization": {
                      "slug": "organization-18"
                    }
                  }
                }
              ]
            }
          }
        },
        {
          "node": {
            "id": "712b1020-0ff4-11e7-93ae-92361f002671",
            "name": "Organization 19",
            "slug": "organization-19",
            "owners": [
              {
                "id": "8eb29ed7-93b2-4c94-bb9b-ad4b323ad8c5"
              }
            ],
            "projects": {
              "totalCount": 3,
              "pageInfo": {
                "hasNextPage": true
              },
              "edges": [
                {
                  "node": {
                    "id": "0dadd158-1220-11e7-93ae-92361f002671",
                    "name": "Project 19",
                    "slug": "project-19",
                    "organization": {
                      "slug": "organization-19"
                    }
                  }
                },
                {
                  "node": {
                    "id": "0dae1a1e-1220-11e7-93ae-92361f002671",
                    "name": "Project 49",
                    "slug": "project-49",
                    "organization": {
                      "slug": "organization-19"
                    }
                  }
                }
              ]
            }
          }
        },
        {
          "node": {
            "id": "712b1386-0ff4-11e7-93ae-92361f002671",
            "name": "Organization 20",
            "slug": "organization-20",
            "owners": [
              {
                "id": "34eaa88b-85b6-4e5f-af91-524de69bb53f"
              }
            ],
            "projects": {
              "totalCount": 3,
              "pageInfo": {
                "hasNextPage": true
              },
              "edges": [
                {
                  "node": {
                    "id": "0dadd306-1220-11e7-93ae-92361f002671",
                    "name": "Project 20",
                    "slug": "project-20",
                    "organization": {
                      "slug": "organization-20"
                    }
                  }
                },
                {
                  "node": {
                    "id": "0dae1be0-1220-11e7-93ae-92361f002671",
                    "name": "Project 50",
                    "slug": "project-50",
                    "organization": {
                      "slug": "organization-20"
                    }
                  }
                }
              ]
            }
          }
        },
        {
          "node": {
            "id": "712b1494-0ff4-11e7-93ae-92361f002671",
            "name": "Organization 21",
            "slug": "organization-21",
            "owners": [
              {
                "id": "a86ab75b-7c52-4d3a-a4c0-e419f7318172"
              }
            ],
            "projects": {
              "totalCount": 3,
              "pageInfo": {
                "hasNextPage": true
              },
              "edges": [
                {
                  "node": {
                    "id": "0dadd680-1220-11e7-93ae-92361f002671",
                    "name": "Project 21",
                    "slug": "project-21",
                    "organization": {
                      "slug": "organization-21"
                    }
                  }
                },
                {
                  "node": {
                    "id": "0dae1e38-1220-11e7-93ae-92361f002671",
                    "name": "Project 51",
                    "slug": "project-51",
                    "organization": {
                      "slug": "organization-21"
                    }
                  }
                }
              ]
            }
          }
        },
        {
          "node": {
            "id": "712b24ca-0ff4-11e7-93ae-92361f002671",
            "name": "Organization 24",
            "slug": "organization-24",
            "owners": [
              {
                "id": "85ab2baa-c019-4d7f-a22d-ba53c1e6723f"
              }
            ],
            "projects": {
              "totalCount": 3,
              "pageInfo": {
                "hasNextPage": true
              },
              "edges": [
                {
                  "node": {
                    "id": "0daddd74-1220-11e7-93ae-92361f002671",
                    "name": "Project 24",
                    "slug": "project-24",
                    "organization": {
                      "slug": "organization-24"
                    }
                  }
                },
                {
                  "node": {
                    "id": "0dae2680-1220-11e7-93ae-92361f002671",
                    "name": "Project 54",
                    "slug": "project-54",
                    "organization": {
                      "slug": "organization-24"
                    }
                  }
                }
              ]
            }
          }
        },
        {
          "node": {
            "id": "712b25a6-0ff4-11e7-93ae-92361f002671",
            "name": "Organization 25",
            "slug": "organization-25",
            "owners": [
              {
                "id": "5230ca7e-282f-40b5-9ef3-1feea78209d5"
              }
            ],
            "projects": {
              "totalCount": 3,
              "pageInfo": {
                "hasNextPage": true
              },
              "edges": [
                {
                  "node": {
                    "id": "0dade0c6-1220-11e7-93ae-92361f002671",
                    "name": "Project 25",
                    "slug": "project-25",
                    "organization": {
                      "slug": "organization-25"
                    }
                  }
                },
                {
                  "node": {
                    "id": "0dae284c-1220-11e7-93ae-92361f002671",
                    "name": "Project 55",
                    "slug": "project-55",
                    "organization": {
                      "slug": "organization-25"
                    }
                  }
                }
              ]
            }
          }
        },
        {
          "node": {
            "id": "712b279a-0ff4-11e7-93ae-92361f002671",
            "name": "Organization 26",
            "slug": "organization-26",
            "owners": [
              {
                "id": "04837db2-a7fc-461d-861c-4e513e3debe7"
              }
            ],
            "projects": {
              "totalCount": 3,
              "pageInfo": {
                "hasNextPage": true
              },
              "edges": [
                {
                  "node": {
                    "id": "0dade2ba-1220-11e7-93ae-92361f002671",
                    "name": "Project 26",
                    "slug": "project-26",
                    "organization": {
                      "slug": "organization-26"
                    }
                  }
                },
                {
                  "node": {
                    "id": "0dae29fa-1220-11e7-93ae-92361f002671",
                    "name": "Project 56",
                    "slug": "project-56",
                    "organization": {
                      "slug": "organization-26"
                    }
                  }
                }
              ]
            }
          }
        },
        {
          "node": {
            "id": "712b2876-0ff4-11e7-93ae-92361f002671",
            "name": "Organization 27",
            "slug": "organization-27",
            "owners": [
              {
                "id": "9ae553f1-bb20-4dd3-8250-3a1c3cc7e071"
              }
            ],
            "projects": {
              "totalCount": 3,
              "pageInfo": {
                "hasNextPage": true
              },
              "edges": [
                {
                  "node": {
                    "id": "0dade576-1220-11e7-93ae-92361f002671",
                    "name": "Project 27",
                    "slug": "project-27",
                    "organization": {
                      "slug": "organization-27"
                    }
                  }
                },
                {
                  "node": {
                    "id": "0dae2ca2-1220-11e7-93ae-92361f002671",
                    "name": "Project 57",
                    "slug": "project-57",
                    "organization": {
                      "slug": "organization-27"
                    }
                  }
                }
              ]
            }
          }
        }
      ]
    }
  }
}
