{
  "data": {
    "organizations": {
      "totalCount": 8,
      "edges": [
        {
          "node": {
            "id": "71299254-0ff4-11e7-93ae-92361f002671",
            "name": "Organization 2",
            "slug": "organization-2",
            "owners": [
              {
                "id": "3bf979cb-7f82-4de5-9b81-5a9a868505ce"
              }
            ],
            "projects": {
              "totalCount": 0,
              "pageInfo": {
                "hasNextPage": true
              },
              "edges": []
            }
          }
        },
        {
          "node": {
            "id": "7129a352-0ff4-11e7-93ae-92361f002671",
            "name": "Organization 12",
            "slug": "organization-12",
            "owners": [
              {
                "id": "441d0c07-b951-41e2-9d4d-ce2273fdfdf1"
              }
            ],
            "projects": {
              "totalCount": 3,
              "pageInfo": {
                "hasNextPage": true
              },
              "edges": [
                {
                  "node": {
                    "id": "0dadbe2a-1220-11e7-93ae-92361f002671",
                    "name": "Project 12",
                    "slug": "project-12",
                    "organization": {
                      "slug": "organization-12"
                    }
                  }
                },
                {
                  "node": {
                    "id": "0dae0844-1220-11e7-93ae-92361f002671",
                    "name": "Project 42",
                    "slug": "project-42",
                    "organization": {
                      "slug": "organization-12"
                    }
                  }
                }
              ]
            }
          }
        },
        {
          "node": {
            "id": "712b1386-0ff4-11e7-93ae-92361f002671",
            "name": "Organization 20",
            "slug": "organization-20",
            "owners": [
              {
                "id": "34eaa88b-85b6-4e5f-af91-524de69bb53f"
              }
            ],
            "projects": {
              "totalCount": 3,
              "pageInfo": {
                "hasNextPage": true
              },
              "edges": [
                {
                  "node": {
                    "id": "0dadd306-1220-11e7-93ae-92361f002671",
                    "name": "Project 20",
                    "slug": "project-20",
                    "organization": {
                      "slug": "organization-20"
                    }
                  }
                },
                {
                  "node": {
                    "id": "0dae1be0-1220-11e7-93ae-92361f002671",
                    "name": "Project 50",
                    "slug": "project-50",
                    "organization": {
                      "slug": "organization-20"
                    }
                  }
                }
              ]
            }
          }
        },
        {
          "node": {
            "id": "712b1494-0ff4-11e7-93ae-92361f002671",
            "name": "Organization 21",
            "slug": "organization-21",
            "owners": [
              {
                "id": "a86ab75b-7c52-4d3a-a4c0-e419f7318172"
              }
            ],
            "projects": {
              "totalCount": 3,
              "pageInfo": {
                "hasNextPage": true
              },
              "edges": [
                {
                  "node": {
                    "id": "0dadd680-1220-11e7-93ae-92361f002671",
                    "name": "Project 21",
                    "slug": "project-21",
                    "organization": {
                      "slug": "organization-21"
                    }
                  }
                },
                {
                  "node": {
                    "id": "0dae1e38-1220-11e7-93ae-92361f002671",
                    "name": "Project 51",
                    "slug": "project-51",
                    "organization": {
                      "slug": "organization-21"
                    }
                  }
                }
              ]
            }
          }
        },
        {
          "node": {
            "id": "712b24ca-0ff4-11e7-93ae-92361f002671",
            "name": "Organization 24",
            "slug": "organization-24",
            "owners": [
              {
                "id": "85ab2baa-c019-4d7f-a22d-ba53c1e6723f"
              }
            ],
            "projects": {
              "totalCount": 3,
              "pageInfo": {
                "hasNextPage": true
              },
              "edges": [
                {
                  "node": {
                    "id": "0daddd74-1220-11e7-93ae-92361f002671",
                    "name": "Project 24",
                    "slug": "project-24",
                    "organization": {
                      "slug": "organization-24"
                    }
                  }
                },
                {
                  "node": {
                    "id": "0dae2680-1220-11e7-93ae-92361f002671",
                    "name": "Project 54",
                    "slug": "project-54",
                    "organization": {
                      "slug": "organization-24"
                    }
                  }
                }
              ]
            }
          }
        },
        {
          "node": {
            "id": "712b25a6-0ff4-11e7-93ae-92361f002671",
            "name": "Organization 25",
            "slug": "organization-25",
            "owners": [
              {
                "id": "5230ca7e-282f-40b5-9ef3-1feea78209d5"
              }
            ],
            "projects": {
              "totalCount": 3,
              "pageInfo": {
                "hasNextPage": true
              },
              "edges": [
                {
                  "node": {
                    "id": "0dade0c6-1220-11e7-93ae-92361f002671",
                    "name": "Project 25",
                    "slug": "project-25",
                    "organization": {
                      "slug": "organization-25"
                    }
                  }
                },
                {
                  "node": {
                    "id": "0dae284c-1220-11e7-93ae-92361f002671",
                    "name": "Project 55",
                    "slug": "project-55",
                    "organization": {
                      "slug": "organization-25"
                    }
                  }
                }
              ]
            }
          }
        },
        {
          "node": {
            "id": "712b279a-0ff4-11e7-93ae-92361f002671",
            "name": "Organization 26",
            "slug": "organization-26",
            "owners": [
              {
                "id": "04837db2-a7fc-461d-861c-4e513e3debe7"
              }
            ],
            "projects": {
              "totalCount": 3,
              "pageInfo": {
                "hasNextPage": true
              },
              "edges": [
                {
                  "node": {
                    "id": "0dade2ba-1220-11e7-93ae-92361f002671",
                    "name": "Project 26",
                    "slug": "project-26",
                    "organization": {
                      "slug": "organization-26"
                    }
                  }
                },
                {
                  "node": {
                    "id": "0dae29fa-1220-11e7-93ae-92361f002671",
                    "name": "Project 56",
                    "slug": "project-56",
                    "organization": {
                      "slug": "organization-26"
                    }
                  }
                }
              ]
            }
          }
        },
        {
          "node": {
            "id": "712b2876-0ff4-11e7-93ae-92361f002671",
            "name": "Organization 27",
            "slug": "organization-27",
            "owners": [
              {
                "id": "9ae553f1-bb20-4dd3-8250-3a1c3cc7e071"
              }
            ],
            "projects": {
              "totalCount": 3,
              "pageInfo": {
                "hasNextPage": true
              },
              "edges": [
                {
                  "node": {
                    "id": "0dade576-1220-11e7-93ae-92361f002671",
                    "name": "Project 27",
                    "slug": "project-27",
                    "organization": {
                      "slug": "organization-27"
                    }
                  }
                },
                {
                  "node": {
                    "id": "0dae2ca2-1220-11e7-93ae-92361f002671",
                    "name": "Project 57",
                    "slug": "project-57",
                    "organization": {
                      "slug": "organization-27"
                    }
                  }
                }
              ]
            }
          }
        }
      ]
    }
  }
}
