{
  "data": {
    "organizations": {
      "totalCount": 2,
      "edges": [
        {
          "node": {
            "id": "71298d2c-0ff4-11e7-93ae-92361f002671",
            "name": "Organization 0",
            "slug": "organization-0",
            "owners": [
              {
                "id": "a38f8ef4-400b-4229-a5ff-712ff5f72b27"
              }
            ],
            "projects": {
              "totalCount": 20,
              "pageInfo": {
                "hasNextPage": true
              },
              "edges": [
                {
                  "node": {
                    "id": "0dad9cba-1220-11e7-93ae-92361f002671",
                    "name": "Project 0",
                    "slug": "project-0",
                    "organization": {
                      "slug": "organization-0"
                    }
                  }
                },
                {
                  "node": {
                    "id": "0dada084-1220-11e7-93ae-92361f002671",
                    "name": "Project 1",
                    "slug": "project-1",
                    "organization": {
                      "slug": "organization-0"
                    }
                  }
                },
                {
                  "node": {
                    "id": "0dada3b8-1220-11e7-93ae-92361f002671",
                    "name": "Project 2",
                    "slug": "project-2",
                    "organization": {
                      "slug": "organization-0"
                    }
                  }
                },
                {
                  "node": {
                    "id": "0dada5ca-1220-11e7-93ae-92361f002671",
                    "name": "Project 3",
                    "slug": "project-3",
                    "organization": {
                      "slug": "organization-0"
                    }
                  }
                },
                {
                  "node": {
                    "id": "0dada908-1220-11e7-93ae-92361f002671",
                    "name": "Project 4",
                    "slug": "project-4",
                    "organization": {
                      "slug": "organization-0"
                    }
                  }
                },
                {
                  "node": {
                    "id": "0dadedfa-1220-11e7-93ae-92361f002671",
                    "name": "Project 30",
                    "slug": "project-30",
                    "organization": {
                      "slug": "organization-0"
                    }
                  }
                },
                {
                  "node": {
                    "id": "0dadf020-1220-11e7-93ae-92361f002671",
                    "name": "Project 31",
                    "slug": "project-31",
                    "organization": {
                      "slug": "organization-0"
                    }
                  }
                },
                {
                  "node": {
                    "id": "0dadf322-1220-11e7-93ae-92361f002671",
                    "name": "Project 32",
                    "slug": "project-32",
                    "organization": {
                      "slug": "organization-0"
                    }
                  }
                },
                {
                  "node": {
                    "id": "0dadf48a-1220-11e7-93ae-92361f002671",
                    "name": "Project 33",
                    "slug": "project-33",
                    "organization": {
                      "slug": "organization-0"
                    }
                  }
                },
                {
                  "node": {
                    "id": "0dadf764-1220-11e7-93ae-92361f002671",
                    "name": "Project 34",
                    "slug": "project-34",
                    "organization": {
                      "slug": "organization-0"
                    }
                  }
                },
                {
                  "node": {
                    "id": "0dae33c8-1220-11e7-93ae-92361f002671",
                    "name": "Project 60",
                    "slug": "project-60",
                    "organization": {
                      "slug": "organization-0"
                    }
                  }
                },
                {
                  "node": {
                    "id": "0dae3738-1220-11e7-93ae-92361f002671",
                    "name": "Project 61",
                    "slug": "project-61",
                    "organization": {
                      "slug": "organization-0"
                    }
                  }
                },
                {
                  "node": {
                    "id": "0dae38f0-1220-11e7-93ae-92361f002671",
                    "name": "Project 62",
                    "slug": "project-62",
                    "organization": {
                      "slug": "organization-0"
                    }
                  }
                },
                {
                  "node": {
                    "id": "0dae3bf2-1220-11e7-93ae-92361f002671",
                    "name": "Project 63",
                    "slug": "project-63",
                    "organization": {
                      "slug": "organization-0"
                    }
                  }
                },
                {
                  "node": {
                    "id": "0dae3ec2-1220-11e7-93ae-92361f002671",
                    "name": "Project 64",
                    "slug": "project-64",
                    "organization": {
                      "slug": "organization-0"
                    }
                  }
                },
                {
                  "node": {
                    "id": "0dae8c2e-1220-11e7-93ae-92361f002671",
                    "name": "Project 90",
                    "slug": "project-90",
                    "organization": {
                      "slug": "organization-0"
                    }
                  }
                },
                {
                  "node": {
                    "id": "0dae8efe-1220-11e7-93ae-92361f002671",
                    "name": "Project 91",
                    "slug": "project-91",
                    "organization": {
                      "slug": "organization-0"
                    }
                  }
                },
                {
                  "node": {
                    "id": "0dae91ba-1220-11e7-93ae-92361f002671",
                    "name": "Project 92",
                    "slug": "project-92",
                    "organization": {
                      "slug": "organization-0"
                    }
                  }
                },
                {
                  "node": {
                    "id": "0dae94f8-1220-11e7-93ae-92361f002671",
                    "name": "Project 93",
                    "slug": "project-93",
                    "organization": {
                      "slug": "organization-0"
                    }
                  }
                }
              ]
            }
          }
        },
        {
          "node": {
            "id": "71299128-0ff4-11e7-93ae-92361f002671",
            "name": "Organization 1",
            "slug": "organization-1",
            "owners": [
              {
                "id": "da49c01f-2e99-45ee-9557-eb3eb57b06c5"
              }
            ],
            "projects": {
              "totalCount": 0,
              "pageInfo": {
                "hasNextPage": true
              },
              "edges": []
            }
          }
        }
      ]
    }
  }
}
