{
  "data": {
    "organization": null
  },
  "errors": [
    {
      "message": "The \"6704c278-e106-449f-a73d-2508e96f6177\" user does not allow to access the \"71298d2c-0ff4-11e7-93ae-92361f002671\" organization",
      "locations": [
        {
          "line": 2,
          "column": 3
        }
      ]
    }
  ]
}
